// Jest Snapshot v1, https://goo.gl/fbAQLP

exports[`<Button /> renders correctly, test using Jest + Enzyme 1`] = `
<TouchableOpacity
  activeOpacity={0.2}
  onPress={[Function]}
  style={
    Object {
      "alignSelf": "stretch",
      "backgroundColor": "#38ba7d",
      "borderBottomColor": "#1e6343",
      "borderBottomWidth": 6,
      "borderWidth": 1,
      "height": 45,
      "justifyContent": "center",
      "marginLeft": 15,
      "marginRight": 15,
    }
  }
>
  <Text
    style={
      Object {
        "alignSelf": "center",
        "color": "#fff",
        "fontSize": 16,
        "fontWeight": "600",
      }
    }
  />
</TouchableOpacity>
`;
